../Core/Src/SysTick_program.c:23:6:STK_Init	4	static
../Core/Src/SysTick_program.c:47:6:STK_Start	4	static
../Core/Src/SysTick_program.c:53:6:STK_Stop	4	static
../Core/Src/SysTick_program.c:59:6:STK_Reset	4	static
../Core/Src/SysTick_program.c:71:5:STK_GetRemainingCounts	4	static
../Core/Src/SysTick_program.c:77:5:STK_GetElapsedCounts	16	static
../Core/Src/SysTick_program.c:85:6:STK_SetBusyWait	24	static
../Core/Src/SysTick_program.c:97:6:STK_SetDelay	24	static
../Core/Src/SysTick_program.c:109:6:STK_SetIntervalSingle	24	static
../Core/Src/SysTick_program.c:136:6:STK_SetIntervalPeriodic	24	static
../Core/Src/SysTick_program.c:162:6:SysTick_Handler	8	static
